{"level":"\u001b[32minfo\u001b[39m","message":"\u001b[32mServer running on port 5000\u001b[39m","timestamp":"2025-08-14 02:38:57:3857"}
{"level":"\u001b[32minfo\u001b[39m","message":"\u001b[32mEnvironment: development\u001b[39m","timestamp":"2025-08-14 02:38:57:3857"}
{"level":"\u001b[32minfo\u001b[39m","message":"\u001b[32mStarting data cleanup scheduler\u001b[39m","timestamp":"2025-08-14 02:38:57:3857"}
{"level":"\u001b[32minfo\u001b[39m","message":"\u001b[32mStarting data cleanup process\u001b[39m","timestamp":"2025-08-14 02:38:57:3857"}
{"code":"EBADRESP","hostname":"_mongodb._tcp.setuapp.67vbqqu.mongodb.net","level":"\u001b[31merror\u001b[39m","message":"\u001b[31mError connecting to MongoDB: querySrv EBADRESP _mongodb._tcp.setuapp.67vbqqu.mongodb.net\u001b[39m","stack":"Error: querySrv EBADRESP _mongodb._tcp.setuapp.67vbqqu.mongodb.net\n    at QueryReqWrap.onresolve [as oncomplete] (node:internal/dns/promises:294:17)","syscall":"querySrv","timestamp":"2025-08-14 02:38:57:3857"}
{"level":"\u001b[32minfo\u001b[39m","message":"\u001b[32mAttempting to connect to MongoDB...\u001b[39m","timestamp":"2025-08-14 02:39:23:3923"}
{"level":"\u001b[32minfo\u001b[39m","message":"\u001b[32mServer running on port 5000\u001b[39m","timestamp":"2025-08-14 02:39:23:3923"}
{"level":"\u001b[32minfo\u001b[39m","message":"\u001b[32mEnvironment: development\u001b[39m","timestamp":"2025-08-14 02:39:23:3923"}
{"level":"\u001b[32minfo\u001b[39m","message":"\u001b[32mStarting data cleanup scheduler\u001b[39m","timestamp":"2025-08-14 02:39:23:3923"}
{"level":"\u001b[32minfo\u001b[39m","message":"\u001b[32mStarting data cleanup process\u001b[39m","timestamp":"2025-08-14 02:39:23:3923"}
{"code":"EBADRESP","hostname":"_mongodb._tcp.setuapp.67vbqqu.mongodb.net","level":"\u001b[31merror\u001b[39m","message":"\u001b[31mError connecting to MongoDB: querySrv EBADRESP _mongodb._tcp.setuapp.67vbqqu.mongodb.net\u001b[39m","stack":"Error: querySrv EBADRESP _mongodb._tcp.setuapp.67vbqqu.mongodb.net\n    at QueryReqWrap.onresolve [as oncomplete] (node:internal/dns/promises:294:17)","syscall":"querySrv","timestamp":"2025-08-14 02:39:23:3923"}
{"level":"\u001b[32minfo\u001b[39m","message":"\u001b[32mAttempting to connect to MongoDB...\u001b[39m","timestamp":"2025-08-14 02:46:40:4640"}
{"level":"\u001b[32minfo\u001b[39m","message":"\u001b[32mServer running on port 5000\u001b[39m","timestamp":"2025-08-14 02:46:40:4640"}
{"level":"\u001b[32minfo\u001b[39m","message":"\u001b[32mEnvironment: development\u001b[39m","timestamp":"2025-08-14 02:46:40:4640"}
{"level":"\u001b[32minfo\u001b[39m","message":"\u001b[32mStarting data cleanup scheduler\u001b[39m","timestamp":"2025-08-14 02:46:40:4640"}
{"level":"\u001b[32minfo\u001b[39m","message":"\u001b[32mStarting data cleanup process\u001b[39m","timestamp":"2025-08-14 02:46:40:4640"}
{"level":"\u001b[32minfo\u001b[39m","message":"\u001b[32mMongoDB Connected: ac-g8g1xhj-shard-00-02.67vbqqu.mongodb.net\u001b[39m","timestamp":"2025-08-14 02:46:44:4644"}
{"level":"\u001b[32minfo\u001b[39m","message":"\u001b[32mData cleanup process completed\u001b[39m","timestamp":"2025-08-14 02:46:48:4648"}
{"level":"\u001b[32minfo\u001b[39m","message":"\u001b[32mSIGINT received, shutting down gracefully\u001b[39m","timestamp":"2025-08-14 02:49:22:4922"}
{"level":"\u001b[32minfo\u001b[39m","message":"\u001b[32mAttempting to connect to MongoDB...\u001b[39m","timestamp":"2025-08-14 02:50:20:5020"}
{"level":"\u001b[32minfo\u001b[39m","message":"\u001b[32mServer running on port 5000\u001b[39m","timestamp":"2025-08-14 02:50:20:5020"}
{"level":"\u001b[32minfo\u001b[39m","message":"\u001b[32mEnvironment: development\u001b[39m","timestamp":"2025-08-14 02:50:20:5020"}
{"level":"\u001b[32minfo\u001b[39m","message":"\u001b[32mStarting data cleanup scheduler\u001b[39m","timestamp":"2025-08-14 02:50:20:5020"}
{"level":"\u001b[32minfo\u001b[39m","message":"\u001b[32mStarting data cleanup process\u001b[39m","timestamp":"2025-08-14 02:50:20:5020"}
{"level":"\u001b[32minfo\u001b[39m","message":"\u001b[32mMongoDB Connected: ac-g8g1xhj-shard-00-02.67vbqqu.mongodb.net\u001b[39m","timestamp":"2025-08-14 02:50:24:5024"}
{"level":"\u001b[32minfo\u001b[39m","message":"\u001b[32mData cleanup process completed\u001b[39m","timestamp":"2025-08-14 02:50:26:5026"}
{"level":"\u001b[35mhttp\u001b[39m","message":"\u001b[35m::1 - - [13/Aug/2025:21:20:28 +0000] \"GET /health HTTP/1.1\" 200 113 \"-\" \"curl/8.7.1\"\u001b[39m","timestamp":"2025-08-14 02:50:28:5028"}
{"level":"\u001b[35mhttp\u001b[39m","message":"\u001b[35m::1 - - [13/Aug/2025:21:20:36 +0000] \"GET /api/consents HTTP/1.1\" 401 91 \"-\" \"curl/8.7.1\"\u001b[39m","timestamp":"2025-08-14 02:50:36:5036"}
{"level":"\u001b[32minfo\u001b[39m","message":"\u001b[32mSIGTERM received, shutting down gracefully\u001b[39m","timestamp":"2025-08-14 02:52:40:5240"}
{"level":"\u001b[32minfo\u001b[39m","message":"\u001b[32mAttempting to connect to MongoDB...\u001b[39m","timestamp":"2025-08-14 02:52:44:5244"}
{"level":"\u001b[32minfo\u001b[39m","message":"\u001b[32mServer running on port 5000\u001b[39m","timestamp":"2025-08-14 02:52:44:5244"}
{"level":"\u001b[32minfo\u001b[39m","message":"\u001b[32mEnvironment: development\u001b[39m","timestamp":"2025-08-14 02:52:44:5244"}
{"level":"\u001b[32minfo\u001b[39m","message":"\u001b[32mStarting data cleanup scheduler\u001b[39m","timestamp":"2025-08-14 02:52:44:5244"}
{"level":"\u001b[32minfo\u001b[39m","message":"\u001b[32mStarting data cleanup process\u001b[39m","timestamp":"2025-08-14 02:52:44:5244"}
{"level":"\u001b[32minfo\u001b[39m","message":"\u001b[32mMongoDB Connected: ac-g8g1xhj-shard-00-02.67vbqqu.mongodb.net\u001b[39m","timestamp":"2025-08-14 02:52:48:5248"}
{"level":"\u001b[32minfo\u001b[39m","message":"\u001b[32mData cleanup process completed\u001b[39m","timestamp":"2025-08-14 02:52:51:5251"}
{"level":"\u001b[35mhttp\u001b[39m","message":"\u001b[35m::1 - - [13/Aug/2025:21:22:53 +0000] \"GET /health HTTP/1.1\" 200 113 \"-\" \"curl/8.7.1\"\u001b[39m","timestamp":"2025-08-14 02:52:53:5253"}
{"level":"\u001b[32minfo\u001b[39m","message":"\u001b[32mAttempting to connect to MongoDB...\u001b[39m","timestamp":"2025-08-14 15:44:56:4456"}
{"level":"\u001b[32minfo\u001b[39m","message":"\u001b[32mServer running on port 5000\u001b[39m","timestamp":"2025-08-14 15:44:56:4456"}
{"level":"\u001b[32minfo\u001b[39m","message":"\u001b[32mEnvironment: development\u001b[39m","timestamp":"2025-08-14 15:44:56:4456"}
{"level":"\u001b[32minfo\u001b[39m","message":"\u001b[32mStarting data cleanup scheduler\u001b[39m","timestamp":"2025-08-14 15:44:56:4456"}
{"level":"\u001b[32minfo\u001b[39m","message":"\u001b[32mStarting data cleanup process\u001b[39m","timestamp":"2025-08-14 15:44:56:4456"}
{"code":"EBADRESP","hostname":"_mongodb._tcp.setuapp.67vbqqu.mongodb.net","level":"\u001b[31merror\u001b[39m","message":"\u001b[31mError connecting to MongoDB: querySrv EBADRESP _mongodb._tcp.setuapp.67vbqqu.mongodb.net\u001b[39m","stack":"Error: querySrv EBADRESP _mongodb._tcp.setuapp.67vbqqu.mongodb.net\n    at QueryReqWrap.onresolve [as oncomplete] (node:internal/dns/promises:294:17)","syscall":"querySrv","timestamp":"2025-08-14 15:44:56:4456"}
{"level":"\u001b[32minfo\u001b[39m","message":"\u001b[32mAttempting to connect to MongoDB...\u001b[39m","timestamp":"2025-08-14 15:56:04:564"}
{"level":"\u001b[32minfo\u001b[39m","message":"\u001b[32mServer running on port 5000\u001b[39m","timestamp":"2025-08-14 15:56:04:564"}
{"level":"\u001b[32minfo\u001b[39m","message":"\u001b[32mEnvironment: development\u001b[39m","timestamp":"2025-08-14 15:56:04:564"}
{"level":"\u001b[32minfo\u001b[39m","message":"\u001b[32mStarting data cleanup scheduler\u001b[39m","timestamp":"2025-08-14 15:56:04:564"}
{"level":"\u001b[32minfo\u001b[39m","message":"\u001b[32mStarting data cleanup process\u001b[39m","timestamp":"2025-08-14 15:56:04:564"}
{"code":"EBADRESP","hostname":"_mongodb._tcp.setuapp.67vbqqu.mongodb.net","level":"\u001b[31merror\u001b[39m","message":"\u001b[31mError connecting to MongoDB: querySrv EBADRESP _mongodb._tcp.setuapp.67vbqqu.mongodb.net\u001b[39m","stack":"Error: querySrv EBADRESP _mongodb._tcp.setuapp.67vbqqu.mongodb.net\n    at QueryReqWrap.onresolve [as oncomplete] (node:internal/dns/promises:294:17)","syscall":"querySrv","timestamp":"2025-08-14 15:56:04:564"}
{"level":"\u001b[32minfo\u001b[39m","message":"\u001b[32mAttempting to connect to MongoDB...\u001b[39m","timestamp":"2025-08-14 16:01:20:120"}
{"level":"\u001b[32minfo\u001b[39m","message":"\u001b[32mServer running on port 5000\u001b[39m","timestamp":"2025-08-14 16:01:20:120"}
{"level":"\u001b[32minfo\u001b[39m","message":"\u001b[32mEnvironment: development\u001b[39m","timestamp":"2025-08-14 16:01:20:120"}
{"level":"\u001b[32minfo\u001b[39m","message":"\u001b[32mStarting data cleanup scheduler\u001b[39m","timestamp":"2025-08-14 16:01:20:120"}
{"level":"\u001b[32minfo\u001b[39m","message":"\u001b[32mStarting data cleanup process\u001b[39m","timestamp":"2025-08-14 16:01:20:120"}
{"code":"EBADRESP","hostname":"_mongodb._tcp.setuapp.67vbqqu.mongodb.net","level":"\u001b[31merror\u001b[39m","message":"\u001b[31mError connecting to MongoDB: querySrv EBADRESP _mongodb._tcp.setuapp.67vbqqu.mongodb.net\u001b[39m","stack":"Error: querySrv EBADRESP _mongodb._tcp.setuapp.67vbqqu.mongodb.net\n    at QueryReqWrap.onresolve [as oncomplete] (node:internal/dns/promises:294:17)","syscall":"querySrv","timestamp":"2025-08-14 16:01:20:120"}
{"level":"\u001b[32minfo\u001b[39m","message":"\u001b[32mAttempting to connect to MongoDB...\u001b[39m","timestamp":"2025-08-14 16:01:33:133"}
{"level":"\u001b[32minfo\u001b[39m","message":"\u001b[32mServer running on port 5000\u001b[39m","timestamp":"2025-08-14 16:01:33:133"}
{"level":"\u001b[32minfo\u001b[39m","message":"\u001b[32mEnvironment: development\u001b[39m","timestamp":"2025-08-14 16:01:33:133"}
{"level":"\u001b[32minfo\u001b[39m","message":"\u001b[32mStarting data cleanup scheduler\u001b[39m","timestamp":"2025-08-14 16:01:33:133"}
{"level":"\u001b[32minfo\u001b[39m","message":"\u001b[32mStarting data cleanup process\u001b[39m","timestamp":"2025-08-14 16:01:33:133"}
{"code":"EBADRESP","hostname":"_mongodb._tcp.setuapp.67vbqqu.mongodb.net","level":"\u001b[31merror\u001b[39m","message":"\u001b[31mError connecting to MongoDB: querySrv EBADRESP _mongodb._tcp.setuapp.67vbqqu.mongodb.net\u001b[39m","stack":"Error: querySrv EBADRESP _mongodb._tcp.setuapp.67vbqqu.mongodb.net\n    at QueryReqWrap.onresolve [as oncomplete] (node:internal/dns/promises:294:17)","syscall":"querySrv","timestamp":"2025-08-14 16:01:33:133"}
{"level":"\u001b[32minfo\u001b[39m","message":"\u001b[32mAttempting to connect to MongoDB...\u001b[39m","timestamp":"2025-08-14 16:04:19:419"}
{"level":"\u001b[32minfo\u001b[39m","message":"\u001b[32mServer running on port 5000\u001b[39m","timestamp":"2025-08-14 16:04:19:419"}
{"level":"\u001b[32minfo\u001b[39m","message":"\u001b[32mEnvironment: development\u001b[39m","timestamp":"2025-08-14 16:04:19:419"}
{"level":"\u001b[32minfo\u001b[39m","message":"\u001b[32mStarting data cleanup scheduler\u001b[39m","timestamp":"2025-08-14 16:04:19:419"}
{"level":"\u001b[32minfo\u001b[39m","message":"\u001b[32mStarting data cleanup process\u001b[39m","timestamp":"2025-08-14 16:04:19:419"}
{"code":"EBADRESP","hostname":"_mongodb._tcp.setuapp.67vbqqu.mongodb.net","level":"\u001b[31merror\u001b[39m","message":"\u001b[31mError connecting to MongoDB: querySrv EBADRESP _mongodb._tcp.setuapp.67vbqqu.mongodb.net\u001b[39m","stack":"Error: querySrv EBADRESP _mongodb._tcp.setuapp.67vbqqu.mongodb.net\n    at QueryReqWrap.onresolve [as oncomplete] (node:internal/dns/promises:294:17)","syscall":"querySrv","timestamp":"2025-08-14 16:04:19:419"}
{"level":"\u001b[32minfo\u001b[39m","message":"\u001b[32mAttempting to connect to MongoDB...\u001b[39m","timestamp":"2025-08-14 16:06:30:630"}
{"level":"\u001b[32minfo\u001b[39m","message":"\u001b[32mServer running on port 5000\u001b[39m","timestamp":"2025-08-14 16:06:30:630"}
{"level":"\u001b[32minfo\u001b[39m","message":"\u001b[32mEnvironment: development\u001b[39m","timestamp":"2025-08-14 16:06:30:630"}
{"level":"\u001b[32minfo\u001b[39m","message":"\u001b[32mStarting data cleanup scheduler\u001b[39m","timestamp":"2025-08-14 16:06:30:630"}
{"level":"\u001b[32minfo\u001b[39m","message":"\u001b[32mStarting data cleanup process\u001b[39m","timestamp":"2025-08-14 16:06:30:630"}
{"code":"EBADRESP","hostname":"_mongodb._tcp.setuapp.67vbqqu.mongodb.net","level":"\u001b[31merror\u001b[39m","message":"\u001b[31mError connecting to MongoDB: querySrv EBADRESP _mongodb._tcp.setuapp.67vbqqu.mongodb.net\u001b[39m","stack":"Error: querySrv EBADRESP _mongodb._tcp.setuapp.67vbqqu.mongodb.net\n    at QueryReqWrap.onresolve [as oncomplete] (node:internal/dns/promises:294:17)","syscall":"querySrv","timestamp":"2025-08-14 16:06:31:631"}
{"level":"\u001b[32minfo\u001b[39m","message":"\u001b[32mServer running on port 5000\u001b[39m","timestamp":"2025-08-14 16:06:55:655"}
{"level":"\u001b[32minfo\u001b[39m","message":"\u001b[32mEnvironment: development\u001b[39m","timestamp":"2025-08-14 16:06:55:655"}
{"level":"\u001b[32minfo\u001b[39m","message":"\u001b[32mStarting data cleanup scheduler\u001b[39m","timestamp":"2025-08-14 16:06:55:655"}
{"level":"\u001b[32minfo\u001b[39m","message":"\u001b[32mStarting data cleanup process\u001b[39m","timestamp":"2025-08-14 16:06:55:655"}
{"level":"\u001b[31merror\u001b[39m","message":"\u001b[31mError cleaning up expired consents: Operation `consents.deleteMany()` buffering timed out after 10000ms\u001b[39m","stack":"MongooseError: Operation `consents.deleteMany()` buffering timed out after 10000ms\n    at Timeout.<anonymous> (/Users/pongangairaman/Desktop/workspace/poc/setu-aa-mobile-app/backend/node_modules/mongoose/lib/drivers/node-mongodb-native/collection.js:185:23)\n    at listOnTimeout (node:internal/timers:588:17)\n    at process.processTimers (node:internal/timers:523:7)","timestamp":"2025-08-14 16:07:05:75"}
{"level":"\u001b[31merror\u001b[39m","message":"\u001b[31mError cleaning up old accounts: Operation `accounts.deleteMany()` buffering timed out after 10000ms\u001b[39m","stack":"MongooseError: Operation `accounts.deleteMany()` buffering timed out after 10000ms\n    at Timeout.<anonymous> (/Users/pongangairaman/Desktop/workspace/poc/setu-aa-mobile-app/backend/node_modules/mongoose/lib/drivers/node-mongodb-native/collection.js:185:23)\n    at listOnTimeout (node:internal/timers:588:17)\n    at process.processTimers (node:internal/timers:523:7)","timestamp":"2025-08-14 16:07:15:715"}
{"level":"\u001b[31merror\u001b[39m","message":"\u001b[31mError cleaning up old transactions: Operation `transactions.deleteMany()` buffering timed out after 10000ms\u001b[39m","stack":"MongooseError: Operation `transactions.deleteMany()` buffering timed out after 10000ms\n    at Timeout.<anonymous> (/Users/pongangairaman/Desktop/workspace/poc/setu-aa-mobile-app/backend/node_modules/mongoose/lib/drivers/node-mongodb-native/collection.js:185:23)\n    at listOnTimeout (node:internal/timers:588:17)\n    at process.processTimers (node:internal/timers:523:7)","timestamp":"2025-08-14 16:07:25:725"}
{"level":"\u001b[31merror\u001b[39m","message":"\u001b[31mError cleaning up inactive users: Operation `users.deleteMany()` buffering timed out after 10000ms\u001b[39m","stack":"MongooseError: Operation `users.deleteMany()` buffering timed out after 10000ms\n    at Timeout.<anonymous> (/Users/pongangairaman/Desktop/workspace/poc/setu-aa-mobile-app/backend/node_modules/mongoose/lib/drivers/node-mongodb-native/collection.js:185:23)\n    at listOnTimeout (node:internal/timers:588:17)\n    at process.processTimers (node:internal/timers:523:7)","timestamp":"2025-08-14 16:07:35:735"}
{"level":"\u001b[32minfo\u001b[39m","message":"\u001b[32mData cleanup process completed\u001b[39m","timestamp":"2025-08-14 16:07:35:735"}
{"level":"\u001b[35mhttp\u001b[39m","message":"\u001b[35m::1 - - [14/Aug/2025:10:38:20 +0000] \"GET /health HTTP/1.1\" 200 113 \"-\" \"curl/8.7.1\"\u001b[39m","timestamp":"2025-08-14 16:08:20:820"}
{"level":"\u001b[35mhttp\u001b[39m","message":"\u001b[35m::1 - - [14/Aug/2025:10:38:29 +0000] \"GET /api/consents HTTP/1.1\" 401 91 \"-\" \"curl/8.7.1\"\u001b[39m","timestamp":"2025-08-14 16:08:29:829"}
{"level":"\u001b[31merror\u001b[39m","message":"\u001b[31mAuthentication error: jwt malformed\u001b[39m","name":"JsonWebTokenError","stack":"JsonWebTokenError: jwt malformed\n    at module.exports [as verify] (/Users/pongangairaman/Desktop/workspace/poc/setu-aa-mobile-app/backend/node_modules/jsonwebtoken/verify.js:70:17)\n    at authMiddleware (/Users/pongangairaman/Desktop/workspace/poc/setu-aa-mobile-app/backend/src/middleware/authMiddleware.js:23:25)\n    at Layer.handle [as handle_request] (/Users/pongangairaman/Desktop/workspace/poc/setu-aa-mobile-app/backend/node_modules/express/lib/router/layer.js:95:5)\n    at trim_prefix (/Users/pongangairaman/Desktop/workspace/poc/setu-aa-mobile-app/backend/node_modules/express/lib/router/index.js:328:13)\n    at /Users/pongangairaman/Desktop/workspace/poc/setu-aa-mobile-app/backend/node_modules/express/lib/router/index.js:286:9\n    at Function.process_params (/Users/pongangairaman/Desktop/workspace/poc/setu-aa-mobile-app/backend/node_modules/express/lib/router/index.js:346:12)\n    at next (/Users/pongangairaman/Desktop/workspace/poc/setu-aa-mobile-app/backend/node_modules/express/lib/router/index.js:280:10)\n    at Function.handle (/Users/pongangairaman/Desktop/workspace/poc/setu-aa-mobile-app/backend/node_modules/express/lib/router/index.js:175:3)\n    at router (/Users/pongangairaman/Desktop/workspace/poc/setu-aa-mobile-app/backend/node_modules/express/lib/router/index.js:47:12)\n    at Layer.handle [as handle_request] (/Users/pongangairaman/Desktop/workspace/poc/setu-aa-mobile-app/backend/node_modules/express/lib/router/layer.js:95:5)","timestamp":"2025-08-14 16:09:16:916"}
{"level":"\u001b[35mhttp\u001b[39m","message":"\u001b[35m::1 - - [14/Aug/2025:10:39:16 +0000] \"GET /api/consents HTTP/1.1\" 401 77 \"-\" \"curl/8.7.1\"\u001b[39m","timestamp":"2025-08-14 16:09:16:916"}
{"level":"\u001b[35mhttp\u001b[39m","message":"\u001b[35m::1 - - [14/Aug/2025:10:39:30 +0000] \"GET /test-setu HTTP/1.1\" 404 74 \"-\" \"curl/8.7.1\"\u001b[39m","timestamp":"2025-08-14 16:09:30:930"}
{"level":"\u001b[32minfo\u001b[39m","message":"\u001b[32mSIGTERM received, shutting down gracefully\u001b[39m","timestamp":"2025-08-14 16:09:38:938"}
{"level":"\u001b[32minfo\u001b[39m","message":"\u001b[32mServer running on port 5000\u001b[39m","timestamp":"2025-08-14 16:09:41:941"}
{"level":"\u001b[32minfo\u001b[39m","message":"\u001b[32mEnvironment: development\u001b[39m","timestamp":"2025-08-14 16:09:41:941"}
{"level":"\u001b[32minfo\u001b[39m","message":"\u001b[32mStarting data cleanup scheduler\u001b[39m","timestamp":"2025-08-14 16:09:41:941"}
{"level":"\u001b[32minfo\u001b[39m","message":"\u001b[32mStarting data cleanup process\u001b[39m","timestamp":"2025-08-14 16:09:41:941"}
{"level":"\u001b[35mhttp\u001b[39m","message":"\u001b[35m::1 - - [14/Aug/2025:10:39:49 +0000] \"GET /test-setu HTTP/1.1\" 200 312 \"-\" \"curl/8.7.1\"\u001b[39m","timestamp":"2025-08-14 16:09:49:949"}
{"level":"\u001b[31merror\u001b[39m","message":"\u001b[31mError cleaning up expired consents: Operation `consents.deleteMany()` buffering timed out after 10000ms\u001b[39m","stack":"MongooseError: Operation `consents.deleteMany()` buffering timed out after 10000ms\n    at Timeout.<anonymous> (/Users/pongangairaman/Desktop/workspace/poc/setu-aa-mobile-app/backend/node_modules/mongoose/lib/drivers/node-mongodb-native/collection.js:185:23)\n    at listOnTimeout (node:internal/timers:588:17)\n    at process.processTimers (node:internal/timers:523:7)","timestamp":"2025-08-14 16:09:51:951"}
{"level":"\u001b[31merror\u001b[39m","message":"\u001b[31mError cleaning up old accounts: Operation `accounts.deleteMany()` buffering timed out after 10000ms\u001b[39m","stack":"MongooseError: Operation `accounts.deleteMany()` buffering timed out after 10000ms\n    at Timeout.<anonymous> (/Users/pongangairaman/Desktop/workspace/poc/setu-aa-mobile-app/backend/node_modules/mongoose/lib/drivers/node-mongodb-native/collection.js:185:23)\n    at listOnTimeout (node:internal/timers:588:17)\n    at process.processTimers (node:internal/timers:523:7)","timestamp":"2025-08-14 16:10:01:101"}
{"level":"\u001b[31merror\u001b[39m","message":"\u001b[31mError cleaning up old transactions: Operation `transactions.deleteMany()` buffering timed out after 10000ms\u001b[39m","stack":"MongooseError: Operation `transactions.deleteMany()` buffering timed out after 10000ms\n    at Timeout.<anonymous> (/Users/pongangairaman/Desktop/workspace/poc/setu-aa-mobile-app/backend/node_modules/mongoose/lib/drivers/node-mongodb-native/collection.js:185:23)\n    at listOnTimeout (node:internal/timers:588:17)\n    at process.processTimers (node:internal/timers:523:7)","timestamp":"2025-08-14 16:10:11:1011"}
{"level":"\u001b[32minfo\u001b[39m","message":"\u001b[32mSIGTERM received, shutting down gracefully\u001b[39m","timestamp":"2025-08-14 16:10:20:1020"}
{"level":"\u001b[32minfo\u001b[39m","message":"\u001b[32mServer running on port 5000\u001b[39m","timestamp":"2025-08-14 16:10:22:1022"}
{"level":"\u001b[32minfo\u001b[39m","message":"\u001b[32mEnvironment: development\u001b[39m","timestamp":"2025-08-14 16:10:22:1022"}
{"level":"\u001b[32minfo\u001b[39m","message":"\u001b[32mStarting data cleanup scheduler\u001b[39m","timestamp":"2025-08-14 16:10:22:1022"}
{"level":"\u001b[32minfo\u001b[39m","message":"\u001b[32mStarting data cleanup process\u001b[39m","timestamp":"2025-08-14 16:10:22:1022"}
{"level":"\u001b[35mhttp\u001b[39m","message":"\u001b[35m::1 - - [14/Aug/2025:10:40:30 +0000] \"GET /test-setu HTTP/1.1\" 200 103 \"-\" \"curl/8.7.1\"\u001b[39m","timestamp":"2025-08-14 16:10:30:1030"}
{"level":"\u001b[31merror\u001b[39m","message":"\u001b[31mError cleaning up expired consents: Operation `consents.deleteMany()` buffering timed out after 10000ms\u001b[39m","stack":"MongooseError: Operation `consents.deleteMany()` buffering timed out after 10000ms\n    at Timeout.<anonymous> (/Users/pongangairaman/Desktop/workspace/poc/setu-aa-mobile-app/backend/node_modules/mongoose/lib/drivers/node-mongodb-native/collection.js:185:23)\n    at listOnTimeout (node:internal/timers:588:17)\n    at process.processTimers (node:internal/timers:523:7)","timestamp":"2025-08-14 16:10:32:1032"}
{"level":"\u001b[31merror\u001b[39m","message":"\u001b[31mError cleaning up old accounts: Operation `accounts.deleteMany()` buffering timed out after 10000ms\u001b[39m","stack":"MongooseError: Operation `accounts.deleteMany()` buffering timed out after 10000ms\n    at Timeout.<anonymous> (/Users/pongangairaman/Desktop/workspace/poc/setu-aa-mobile-app/backend/node_modules/mongoose/lib/drivers/node-mongodb-native/collection.js:185:23)\n    at listOnTimeout (node:internal/timers:588:17)\n    at process.processTimers (node:internal/timers:523:7)","timestamp":"2025-08-14 16:10:42:1042"}
{"level":"\u001b[32minfo\u001b[39m","message":"\u001b[32mSIGTERM received, shutting down gracefully\u001b[39m","timestamp":"2025-08-14 16:10:46:1046"}
{"level":"\u001b[32minfo\u001b[39m","message":"\u001b[32mServer running on port 5000\u001b[39m","timestamp":"2025-08-14 16:10:49:1049"}
{"level":"\u001b[32minfo\u001b[39m","message":"\u001b[32mEnvironment: development\u001b[39m","timestamp":"2025-08-14 16:10:49:1049"}
{"level":"\u001b[32minfo\u001b[39m","message":"\u001b[32mStarting data cleanup scheduler\u001b[39m","timestamp":"2025-08-14 16:10:49:1049"}
{"level":"\u001b[32minfo\u001b[39m","message":"\u001b[32mStarting data cleanup process\u001b[39m","timestamp":"2025-08-14 16:10:49:1049"}
{"level":"\u001b[35mhttp\u001b[39m","message":"\u001b[35m::1 - - [14/Aug/2025:10:40:55 +0000] \"GET /test-setu HTTP/1.1\" 200 115 \"-\" \"curl/8.7.1\"\u001b[39m","timestamp":"2025-08-14 16:10:55:1055"}
{"level":"\u001b[31merror\u001b[39m","message":"\u001b[31mError cleaning up expired consents: Operation `consents.deleteMany()` buffering timed out after 10000ms\u001b[39m","stack":"MongooseError: Operation `consents.deleteMany()` buffering timed out after 10000ms\n    at Timeout.<anonymous> (/Users/pongangairaman/Desktop/workspace/poc/setu-aa-mobile-app/backend/node_modules/mongoose/lib/drivers/node-mongodb-native/collection.js:185:23)\n    at listOnTimeout (node:internal/timers:588:17)\n    at process.processTimers (node:internal/timers:523:7)","timestamp":"2025-08-14 16:10:59:1059"}
{"level":"\u001b[31merror\u001b[39m","message":"\u001b[31mError cleaning up old accounts: Operation `accounts.deleteMany()` buffering timed out after 10000ms\u001b[39m","stack":"MongooseError: Operation `accounts.deleteMany()` buffering timed out after 10000ms\n    at Timeout.<anonymous> (/Users/pongangairaman/Desktop/workspace/poc/setu-aa-mobile-app/backend/node_modules/mongoose/lib/drivers/node-mongodb-native/collection.js:185:23)\n    at listOnTimeout (node:internal/timers:588:17)\n    at process.processTimers (node:internal/timers:523:7)","timestamp":"2025-08-14 16:11:09:119"}
{"level":"\u001b[31merror\u001b[39m","message":"\u001b[31mError cleaning up old transactions: Operation `transactions.deleteMany()` buffering timed out after 10000ms\u001b[39m","stack":"MongooseError: Operation `transactions.deleteMany()` buffering timed out after 10000ms\n    at Timeout.<anonymous> (/Users/pongangairaman/Desktop/workspace/poc/setu-aa-mobile-app/backend/node_modules/mongoose/lib/drivers/node-mongodb-native/collection.js:185:23)\n    at listOnTimeout (node:internal/timers:588:17)\n    at process.processTimers (node:internal/timers:523:7)","timestamp":"2025-08-14 16:11:19:1119"}
{"level":"\u001b[32minfo\u001b[39m","message":"\u001b[32mSIGTERM received, shutting down gracefully\u001b[39m","timestamp":"2025-08-14 16:11:20:1120"}
{"level":"\u001b[32minfo\u001b[39m","message":"\u001b[32mServer running on port 5000\u001b[39m","timestamp":"2025-08-14 16:11:22:1122"}
{"level":"\u001b[32minfo\u001b[39m","message":"\u001b[32mEnvironment: development\u001b[39m","timestamp":"2025-08-14 16:11:22:1122"}
{"level":"\u001b[32minfo\u001b[39m","message":"\u001b[32mStarting data cleanup scheduler\u001b[39m","timestamp":"2025-08-14 16:11:22:1122"}
{"level":"\u001b[32minfo\u001b[39m","message":"\u001b[32mStarting data cleanup process\u001b[39m","timestamp":"2025-08-14 16:11:22:1122"}
{"level":"\u001b[35mhttp\u001b[39m","message":"\u001b[35m::1 - - [14/Aug/2025:10:41:29 +0000] \"GET /test-setu HTTP/1.1\" 200 115 \"-\" \"curl/8.7.1\"\u001b[39m","timestamp":"2025-08-14 16:11:29:1129"}
{"level":"\u001b[31merror\u001b[39m","message":"\u001b[31mError cleaning up expired consents: Operation `consents.deleteMany()` buffering timed out after 10000ms\u001b[39m","stack":"MongooseError: Operation `consents.deleteMany()` buffering timed out after 10000ms\n    at Timeout.<anonymous> (/Users/pongangairaman/Desktop/workspace/poc/setu-aa-mobile-app/backend/node_modules/mongoose/lib/drivers/node-mongodb-native/collection.js:185:23)\n    at listOnTimeout (node:internal/timers:588:17)\n    at process.processTimers (node:internal/timers:523:7)","timestamp":"2025-08-14 16:11:32:1132"}
{"level":"\u001b[31merror\u001b[39m","message":"\u001b[31mError cleaning up old accounts: Operation `accounts.deleteMany()` buffering timed out after 10000ms\u001b[39m","stack":"MongooseError: Operation `accounts.deleteMany()` buffering timed out after 10000ms\n    at Timeout.<anonymous> (/Users/pongangairaman/Desktop/workspace/poc/setu-aa-mobile-app/backend/node_modules/mongoose/lib/drivers/node-mongodb-native/collection.js:185:23)\n    at listOnTimeout (node:internal/timers:588:17)\n    at process.processTimers (node:internal/timers:523:7)","timestamp":"2025-08-14 16:11:42:1142"}
{"level":"\u001b[31merror\u001b[39m","message":"\u001b[31mError cleaning up old transactions: Operation `transactions.deleteMany()` buffering timed out after 10000ms\u001b[39m","stack":"MongooseError: Operation `transactions.deleteMany()` buffering timed out after 10000ms\n    at Timeout.<anonymous> (/Users/pongangairaman/Desktop/workspace/poc/setu-aa-mobile-app/backend/node_modules/mongoose/lib/drivers/node-mongodb-native/collection.js:185:23)\n    at listOnTimeout (node:internal/timers:588:17)\n    at process.processTimers (node:internal/timers:523:7)","timestamp":"2025-08-14 16:11:52:1152"}
{"level":"\u001b[31merror\u001b[39m","message":"\u001b[31mError cleaning up inactive users: Operation `users.deleteMany()` buffering timed out after 10000ms\u001b[39m","stack":"MongooseError: Operation `users.deleteMany()` buffering timed out after 10000ms\n    at Timeout.<anonymous> (/Users/pongangairaman/Desktop/workspace/poc/setu-aa-mobile-app/backend/node_modules/mongoose/lib/drivers/node-mongodb-native/collection.js:185:23)\n    at listOnTimeout (node:internal/timers:588:17)\n    at process.processTimers (node:internal/timers:523:7)","timestamp":"2025-08-14 16:12:02:122"}
{"level":"\u001b[32minfo\u001b[39m","message":"\u001b[32mData cleanup process completed\u001b[39m","timestamp":"2025-08-14 16:12:02:122"}
{"level":"\u001b[32minfo\u001b[39m","message":"\u001b[32mSIGTERM received, shutting down gracefully\u001b[39m","timestamp":"2025-08-14 16:12:04:124"}
{"level":"\u001b[32minfo\u001b[39m","message":"\u001b[32mServer running on port 5000\u001b[39m","timestamp":"2025-08-14 16:12:07:127"}
{"level":"\u001b[32minfo\u001b[39m","message":"\u001b[32mEnvironment: development\u001b[39m","timestamp":"2025-08-14 16:12:07:127"}
{"level":"\u001b[32minfo\u001b[39m","message":"\u001b[32mStarting data cleanup scheduler\u001b[39m","timestamp":"2025-08-14 16:12:07:127"}
{"level":"\u001b[32minfo\u001b[39m","message":"\u001b[32mStarting data cleanup process\u001b[39m","timestamp":"2025-08-14 16:12:07:127"}
{"level":"\u001b[35mhttp\u001b[39m","message":"\u001b[35m::1 - - [14/Aug/2025:10:42:14 +0000] \"GET /test-setu HTTP/1.1\" 200 115 \"-\" \"curl/8.7.1\"\u001b[39m","timestamp":"2025-08-14 16:12:14:1214"}
{"level":"\u001b[31merror\u001b[39m","message":"\u001b[31mError cleaning up expired consents: Operation `consents.deleteMany()` buffering timed out after 10000ms\u001b[39m","stack":"MongooseError: Operation `consents.deleteMany()` buffering timed out after 10000ms\n    at Timeout.<anonymous> (/Users/pongangairaman/Desktop/workspace/poc/setu-aa-mobile-app/backend/node_modules/mongoose/lib/drivers/node-mongodb-native/collection.js:185:23)\n    at listOnTimeout (node:internal/timers:588:17)\n    at process.processTimers (node:internal/timers:523:7)","timestamp":"2025-08-14 16:12:17:1217"}
{"level":"\u001b[31merror\u001b[39m","message":"\u001b[31mError cleaning up old accounts: Operation `accounts.deleteMany()` buffering timed out after 10000ms\u001b[39m","stack":"MongooseError: Operation `accounts.deleteMany()` buffering timed out after 10000ms\n    at Timeout.<anonymous> (/Users/pongangairaman/Desktop/workspace/poc/setu-aa-mobile-app/backend/node_modules/mongoose/lib/drivers/node-mongodb-native/collection.js:185:23)\n    at listOnTimeout (node:internal/timers:588:17)\n    at process.processTimers (node:internal/timers:523:7)","timestamp":"2025-08-14 16:12:27:1227"}
{"level":"\u001b[31merror\u001b[39m","message":"\u001b[31mError cleaning up old transactions: Operation `transactions.deleteMany()` buffering timed out after 10000ms\u001b[39m","stack":"MongooseError: Operation `transactions.deleteMany()` buffering timed out after 10000ms\n    at Timeout.<anonymous> (/Users/pongangairaman/Desktop/workspace/poc/setu-aa-mobile-app/backend/node_modules/mongoose/lib/drivers/node-mongodb-native/collection.js:185:23)\n    at listOnTimeout (node:internal/timers:588:17)\n    at process.processTimers (node:internal/timers:523:7)","timestamp":"2025-08-14 16:12:37:1237"}
{"level":"\u001b[31merror\u001b[39m","message":"\u001b[31mError cleaning up inactive users: Operation `users.deleteMany()` buffering timed out after 10000ms\u001b[39m","stack":"MongooseError: Operation `users.deleteMany()` buffering timed out after 10000ms\n    at Timeout.<anonymous> (/Users/pongangairaman/Desktop/workspace/poc/setu-aa-mobile-app/backend/node_modules/mongoose/lib/drivers/node-mongodb-native/collection.js:185:23)\n    at listOnTimeout (node:internal/timers:588:17)\n    at process.processTimers (node:internal/timers:523:7)","timestamp":"2025-08-14 16:12:47:1247"}
{"level":"\u001b[32minfo\u001b[39m","message":"\u001b[32mData cleanup process completed\u001b[39m","timestamp":"2025-08-14 16:12:47:1247"}
{"level":"\u001b[32minfo\u001b[39m","message":"\u001b[32mSIGTERM received, shutting down gracefully\u001b[39m","timestamp":"2025-08-14 16:18:12:1812"}
{"level":"\u001b[32minfo\u001b[39m","message":"\u001b[32mServer running on port 5000\u001b[39m","timestamp":"2025-08-14 16:18:27:1827"}
{"level":"\u001b[32minfo\u001b[39m","message":"\u001b[32mEnvironment: development\u001b[39m","timestamp":"2025-08-14 16:18:27:1827"}
{"level":"\u001b[32minfo\u001b[39m","message":"\u001b[32mStarting data cleanup scheduler\u001b[39m","timestamp":"2025-08-14 16:18:27:1827"}
{"level":"\u001b[32minfo\u001b[39m","message":"\u001b[32mStarting data cleanup process\u001b[39m","timestamp":"2025-08-14 16:18:27:1827"}
{"level":"\u001b[35mhttp\u001b[39m","message":"\u001b[35m::1 - - [14/Aug/2025:10:48:33 +0000] \"GET /test-setu HTTP/1.1\" 200 115 \"-\" \"curl/8.7.1\"\u001b[39m","timestamp":"2025-08-14 16:18:33:1833"}
{"level":"\u001b[31merror\u001b[39m","message":"\u001b[31mError cleaning up expired consents: Operation `consents.deleteMany()` buffering timed out after 10000ms\u001b[39m","stack":"MongooseError: Operation `consents.deleteMany()` buffering timed out after 10000ms\n    at Timeout.<anonymous> (/Users/pongangairaman/Desktop/workspace/poc/setu-aa-mobile-app/backend/node_modules/mongoose/lib/drivers/node-mongodb-native/collection.js:185:23)\n    at listOnTimeout (node:internal/timers:588:17)\n    at process.processTimers (node:internal/timers:523:7)","timestamp":"2025-08-14 16:18:37:1837"}
{"level":"\u001b[31merror\u001b[39m","message":"\u001b[31mError cleaning up old accounts: Operation `accounts.deleteMany()` buffering timed out after 10000ms\u001b[39m","stack":"MongooseError: Operation `accounts.deleteMany()` buffering timed out after 10000ms\n    at Timeout.<anonymous> (/Users/pongangairaman/Desktop/workspace/poc/setu-aa-mobile-app/backend/node_modules/mongoose/lib/drivers/node-mongodb-native/collection.js:185:23)\n    at listOnTimeout (node:internal/timers:588:17)\n    at process.processTimers (node:internal/timers:523:7)","timestamp":"2025-08-14 16:18:47:1847"}
{"level":"\u001b[31merror\u001b[39m","message":"\u001b[31mError cleaning up old transactions: Operation `transactions.deleteMany()` buffering timed out after 10000ms\u001b[39m","stack":"MongooseError: Operation `transactions.deleteMany()` buffering timed out after 10000ms\n    at Timeout.<anonymous> (/Users/pongangairaman/Desktop/workspace/poc/setu-aa-mobile-app/backend/node_modules/mongoose/lib/drivers/node-mongodb-native/collection.js:185:23)\n    at listOnTimeout (node:internal/timers:588:17)\n    at process.processTimers (node:internal/timers:523:7)","timestamp":"2025-08-14 16:18:57:1857"}
{"level":"\u001b[31merror\u001b[39m","message":"\u001b[31mError cleaning up inactive users: Operation `users.deleteMany()` buffering timed out after 10000ms\u001b[39m","stack":"MongooseError: Operation `users.deleteMany()` buffering timed out after 10000ms\n    at Timeout.<anonymous> (/Users/pongangairaman/Desktop/workspace/poc/setu-aa-mobile-app/backend/node_modules/mongoose/lib/drivers/node-mongodb-native/collection.js:185:23)\n    at listOnTimeout (node:internal/timers:588:17)\n    at process.processTimers (node:internal/timers:523:7)","timestamp":"2025-08-14 16:19:07:197"}
{"level":"\u001b[32minfo\u001b[39m","message":"\u001b[32mData cleanup process completed\u001b[39m","timestamp":"2025-08-14 16:19:07:197"}
{"level":"\u001b[35mhttp\u001b[39m","message":"\u001b[35m::1 - - [14/Aug/2025:10:50:24 +0000] \"GET /test-setu HTTP/1.1\" 200 115 \"-\" \"curl/8.7.1\"\u001b[39m","timestamp":"2025-08-14 16:20:24:2024"}
{"level":"\u001b[32minfo\u001b[39m","message":"\u001b[32mSIGTERM received, shutting down gracefully\u001b[39m","timestamp":"2025-08-14 16:20:31:2031"}
{"level":"\u001b[32minfo\u001b[39m","message":"\u001b[32mServer running on port 5000\u001b[39m","timestamp":"2025-08-14 16:20:33:2033"}
{"level":"\u001b[32minfo\u001b[39m","message":"\u001b[32mEnvironment: development\u001b[39m","timestamp":"2025-08-14 16:20:33:2033"}
{"level":"\u001b[32minfo\u001b[39m","message":"\u001b[32mStarting data cleanup scheduler\u001b[39m","timestamp":"2025-08-14 16:20:33:2033"}
{"level":"\u001b[32minfo\u001b[39m","message":"\u001b[32mStarting data cleanup process\u001b[39m","timestamp":"2025-08-14 16:20:33:2033"}
{"level":"\u001b[35mhttp\u001b[39m","message":"\u001b[35m::1 - - [14/Aug/2025:10:50:39 +0000] \"GET /test-setu HTTP/1.1\" 200 337 \"-\" \"curl/8.7.1\"\u001b[39m","timestamp":"2025-08-14 16:20:39:2039"}
{"level":"\u001b[31merror\u001b[39m","message":"\u001b[31mError cleaning up expired consents: Operation `consents.deleteMany()` buffering timed out after 10000ms\u001b[39m","stack":"MongooseError: Operation `consents.deleteMany()` buffering timed out after 10000ms\n    at Timeout.<anonymous> (/Users/pongangairaman/Desktop/workspace/poc/setu-aa-mobile-app/backend/node_modules/mongoose/lib/drivers/node-mongodb-native/collection.js:185:23)\n    at listOnTimeout (node:internal/timers:588:17)\n    at process.processTimers (node:internal/timers:523:7)","timestamp":"2025-08-14 16:20:43:2043"}
{"level":"\u001b[35mhttp\u001b[39m","message":"\u001b[35m::1 - - [14/Aug/2025:10:50:50 +0000] \"GET /health HTTP/1.1\" 200 113 \"-\" \"curl/8.7.1\"\u001b[39m","timestamp":"2025-08-14 16:20:50:2050"}
{"level":"\u001b[31merror\u001b[39m","message":"\u001b[31mError cleaning up old accounts: Operation `accounts.deleteMany()` buffering timed out after 10000ms\u001b[39m","stack":"MongooseError: Operation `accounts.deleteMany()` buffering timed out after 10000ms\n    at Timeout.<anonymous> (/Users/pongangairaman/Desktop/workspace/poc/setu-aa-mobile-app/backend/node_modules/mongoose/lib/drivers/node-mongodb-native/collection.js:185:23)\n    at listOnTimeout (node:internal/timers:588:17)\n    at process.processTimers (node:internal/timers:523:7)","timestamp":"2025-08-14 16:20:53:2053"}
{"level":"\u001b[31merror\u001b[39m","message":"\u001b[31mAuthentication error: jwt malformed\u001b[39m","name":"JsonWebTokenError","stack":"JsonWebTokenError: jwt malformed\n    at module.exports [as verify] (/Users/pongangairaman/Desktop/workspace/poc/setu-aa-mobile-app/backend/node_modules/jsonwebtoken/verify.js:70:17)\n    at authMiddleware (/Users/pongangairaman/Desktop/workspace/poc/setu-aa-mobile-app/backend/src/middleware/authMiddleware.js:23:25)\n    at Layer.handle [as handle_request] (/Users/pongangairaman/Desktop/workspace/poc/setu-aa-mobile-app/backend/node_modules/express/lib/router/layer.js:95:5)\n    at trim_prefix (/Users/pongangairaman/Desktop/workspace/poc/setu-aa-mobile-app/backend/node_modules/express/lib/router/index.js:328:13)\n    at /Users/pongangairaman/Desktop/workspace/poc/setu-aa-mobile-app/backend/node_modules/express/lib/router/index.js:286:9\n    at Function.process_params (/Users/pongangairaman/Desktop/workspace/poc/setu-aa-mobile-app/backend/node_modules/express/lib/router/index.js:346:12)\n    at next (/Users/pongangairaman/Desktop/workspace/poc/setu-aa-mobile-app/backend/node_modules/express/lib/router/index.js:280:10)\n    at Function.handle (/Users/pongangairaman/Desktop/workspace/poc/setu-aa-mobile-app/backend/node_modules/express/lib/router/index.js:175:3)\n    at router (/Users/pongangairaman/Desktop/workspace/poc/setu-aa-mobile-app/backend/node_modules/express/lib/router/index.js:47:12)\n    at Layer.handle [as handle_request] (/Users/pongangairaman/Desktop/workspace/poc/setu-aa-mobile-app/backend/node_modules/express/lib/router/layer.js:95:5)","timestamp":"2025-08-14 16:21:02:212"}
{"level":"\u001b[35mhttp\u001b[39m","message":"\u001b[35m::1 - - [14/Aug/2025:10:51:02 +0000] \"GET /api/consents HTTP/1.1\" 401 77 \"-\" \"curl/8.7.1\"\u001b[39m","timestamp":"2025-08-14 16:21:02:212"}
{"level":"\u001b[31merror\u001b[39m","message":"\u001b[31mError cleaning up old transactions: Operation `transactions.deleteMany()` buffering timed out after 10000ms\u001b[39m","stack":"MongooseError: Operation `transactions.deleteMany()` buffering timed out after 10000ms\n    at Timeout.<anonymous> (/Users/pongangairaman/Desktop/workspace/poc/setu-aa-mobile-app/backend/node_modules/mongoose/lib/drivers/node-mongodb-native/collection.js:185:23)\n    at listOnTimeout (node:internal/timers:588:17)\n    at process.processTimers (node:internal/timers:523:7)","timestamp":"2025-08-14 16:21:03:213"}
{"level":"\u001b[31merror\u001b[39m","message":"\u001b[31mError cleaning up inactive users: Operation `users.deleteMany()` buffering timed out after 10000ms\u001b[39m","stack":"MongooseError: Operation `users.deleteMany()` buffering timed out after 10000ms\n    at Timeout.<anonymous> (/Users/pongangairaman/Desktop/workspace/poc/setu-aa-mobile-app/backend/node_modules/mongoose/lib/drivers/node-mongodb-native/collection.js:185:23)\n    at listOnTimeout (node:internal/timers:588:17)\n    at process.processTimers (node:internal/timers:523:7)","timestamp":"2025-08-14 16:21:13:2113"}
{"level":"\u001b[32minfo\u001b[39m","message":"\u001b[32mData cleanup process completed\u001b[39m","timestamp":"2025-08-14 16:21:13:2113"}
{"level":"\u001b[32minfo\u001b[39m","message":"\u001b[32mSIGTERM received, shutting down gracefully\u001b[39m","timestamp":"2025-08-14 16:28:45:2845"}
{"level":"\u001b[32minfo\u001b[39m","message":"\u001b[32mServer running on port 5000\u001b[39m","timestamp":"2025-08-14 16:28:47:2847"}
{"level":"\u001b[32minfo\u001b[39m","message":"\u001b[32mEnvironment: development\u001b[39m","timestamp":"2025-08-14 16:28:47:2847"}
{"level":"\u001b[32minfo\u001b[39m","message":"\u001b[32mStarting data cleanup scheduler\u001b[39m","timestamp":"2025-08-14 16:28:47:2847"}
{"level":"\u001b[32minfo\u001b[39m","message":"\u001b[32mStarting data cleanup process\u001b[39m","timestamp":"2025-08-14 16:28:47:2847"}
{"level":"\u001b[31merror\u001b[39m","message":"\u001b[31mError cleaning up expired consents: Operation `consents.deleteMany()` buffering timed out after 10000ms\u001b[39m","stack":"MongooseError: Operation `consents.deleteMany()` buffering timed out after 10000ms\n    at Timeout.<anonymous> (/Users/pongangairaman/Desktop/workspace/poc/setu-aa-mobile-app/backend/node_modules/mongoose/lib/drivers/node-mongodb-native/collection.js:185:23)\n    at listOnTimeout (node:internal/timers:588:17)\n    at process.processTimers (node:internal/timers:523:7)","timestamp":"2025-08-14 16:28:57:2857"}
{"level":"\u001b[35mhttp\u001b[39m","message":"\u001b[35m::1 - - [14/Aug/2025:10:59:03 +0000] \"GET /test-setu HTTP/1.1\" 200 337 \"-\" \"curl/8.7.1\"\u001b[39m","timestamp":"2025-08-14 16:29:03:293"}
{"level":"\u001b[31merror\u001b[39m","message":"\u001b[31mError cleaning up old accounts: Operation `accounts.deleteMany()` buffering timed out after 10000ms\u001b[39m","stack":"MongooseError: Operation `accounts.deleteMany()` buffering timed out after 10000ms\n    at Timeout.<anonymous> (/Users/pongangairaman/Desktop/workspace/poc/setu-aa-mobile-app/backend/node_modules/mongoose/lib/drivers/node-mongodb-native/collection.js:185:23)\n    at listOnTimeout (node:internal/timers:588:17)\n    at process.processTimers (node:internal/timers:523:7)","timestamp":"2025-08-14 16:29:07:297"}
{"level":"\u001b[31merror\u001b[39m","message":"\u001b[31mError cleaning up old transactions: Operation `transactions.deleteMany()` buffering timed out after 10000ms\u001b[39m","stack":"MongooseError: Operation `transactions.deleteMany()` buffering timed out after 10000ms\n    at Timeout.<anonymous> (/Users/pongangairaman/Desktop/workspace/poc/setu-aa-mobile-app/backend/node_modules/mongoose/lib/drivers/node-mongodb-native/collection.js:185:23)\n    at listOnTimeout (node:internal/timers:588:17)\n    at process.processTimers (node:internal/timers:523:7)","timestamp":"2025-08-14 16:29:17:2917"}
{"level":"\u001b[31merror\u001b[39m","message":"\u001b[31mError cleaning up inactive users: Operation `users.deleteMany()` buffering timed out after 10000ms\u001b[39m","stack":"MongooseError: Operation `users.deleteMany()` buffering timed out after 10000ms\n    at Timeout.<anonymous> (/Users/pongangairaman/Desktop/workspace/poc/setu-aa-mobile-app/backend/node_modules/mongoose/lib/drivers/node-mongodb-native/collection.js:185:23)\n    at listOnTimeout (node:internal/timers:588:17)\n    at process.processTimers (node:internal/timers:523:7)","timestamp":"2025-08-14 16:29:27:2927"}
{"level":"\u001b[32minfo\u001b[39m","message":"\u001b[32mData cleanup process completed\u001b[39m","timestamp":"2025-08-14 16:29:27:2927"}
{"level":"\u001b[35mhttp\u001b[39m","message":"\u001b[35m::1 - - [14/Aug/2025:11:11:25 +0000] \"GET /health HTTP/1.1\" 200 113 \"-\" \"curl/8.7.1\"\u001b[39m","timestamp":"2025-08-14 16:41:25:4125"}
{"level":"\u001b[35mhttp\u001b[39m","message":"\u001b[35m::1 - - [14/Aug/2025:11:11:36 +0000] \"GET /test-setu HTTP/1.1\" 200 337 \"-\" \"curl/8.7.1\"\u001b[39m","timestamp":"2025-08-14 16:41:36:4136"}
{"level":"\u001b[35mhttp\u001b[39m","message":"\u001b[35m::1 - - [14/Aug/2025:11:20:41 +0000] \"GET /api/webhooks/consent HTTP/1.1\" 404 74 \"-\" \"curl/8.7.1\"\u001b[39m","timestamp":"2025-08-14 16:50:41:5041"}
{"code":"ERR_INVALID_ARG_TYPE","level":"\u001b[31merror\u001b[39m","message":"\u001b[31mError processing consent webhook: The first argument must be of type string or an instance of Buffer, ArrayBuffer, or Array or an Array-like Object. Received undefined\u001b[39m","stack":"TypeError [ERR_INVALID_ARG_TYPE]: The first argument must be of type string or an instance of Buffer, ArrayBuffer, or Array or an Array-like Object. Received undefined\n    at Function.from (node:buffer:325:9)\n    at verifyWebhookSignature (/Users/pongangairaman/Desktop/workspace/poc/setu-aa-mobile-app/backend/src/controllers/webhookController.js:16:12)\n    at exports.handleConsentWebhook (/Users/pongangairaman/Desktop/workspace/poc/setu-aa-mobile-app/backend/src/controllers/webhookController.js:28:10)\n    at Layer.handle [as handle_request] (/Users/pongangairaman/Desktop/workspace/poc/setu-aa-mobile-app/backend/node_modules/express/lib/router/layer.js:95:5)\n    at next (/Users/pongangairaman/Desktop/workspace/poc/setu-aa-mobile-app/backend/node_modules/express/lib/router/route.js:149:13)\n    at Route.dispatch (/Users/pongangairaman/Desktop/workspace/poc/setu-aa-mobile-app/backend/node_modules/express/lib/router/route.js:119:3)\n    at Layer.handle [as handle_request] (/Users/pongangairaman/Desktop/workspace/poc/setu-aa-mobile-app/backend/node_modules/express/lib/router/layer.js:95:5)\n    at /Users/pongangairaman/Desktop/workspace/poc/setu-aa-mobile-app/backend/node_modules/express/lib/router/index.js:284:15\n    at Function.process_params (/Users/pongangairaman/Desktop/workspace/poc/setu-aa-mobile-app/backend/node_modules/express/lib/router/index.js:346:12)\n    at next (/Users/pongangairaman/Desktop/workspace/poc/setu-aa-mobile-app/backend/node_modules/express/lib/router/index.js:280:10)","timestamp":"2025-08-14 16:50:47:5047"}
{"level":"\u001b[35mhttp\u001b[39m","message":"\u001b[35m::1 - - [14/Aug/2025:11:20:47 +0000] \"POST /api/webhooks/consent HTTP/1.1\" 500 100 \"-\" \"curl/8.7.1\"\u001b[39m","timestamp":"2025-08-14 16:50:47:5047"}
{"level":"\u001b[32minfo\u001b[39m","message":"\u001b[32mSIGTERM received, shutting down gracefully\u001b[39m","timestamp":"2025-08-14 17:01:54:154"}
{"level":"\u001b[32minfo\u001b[39m","message":"\u001b[32mServer running on port 5000\u001b[39m","timestamp":"2025-08-14 17:02:23:223"}
{"level":"\u001b[32minfo\u001b[39m","message":"\u001b[32mEnvironment: development\u001b[39m","timestamp":"2025-08-14 17:02:23:223"}
{"level":"\u001b[32minfo\u001b[39m","message":"\u001b[32mStarting data cleanup scheduler\u001b[39m","timestamp":"2025-08-14 17:02:23:223"}
{"level":"\u001b[32minfo\u001b[39m","message":"\u001b[32mStarting data cleanup process\u001b[39m","timestamp":"2025-08-14 17:02:23:223"}
{"level":"\u001b[35mhttp\u001b[39m","message":"\u001b[35m::1 - - [14/Aug/2025:11:32:32 +0000] \"GET /health HTTP/1.1\" 200 113 \"-\" \"curl/8.7.1\"\u001b[39m","timestamp":"2025-08-14 17:02:32:232"}
{"level":"\u001b[31merror\u001b[39m","message":"\u001b[31mError cleaning up expired consents: Operation `consents.deleteMany()` buffering timed out after 10000ms\u001b[39m","stack":"MongooseError: Operation `consents.deleteMany()` buffering timed out after 10000ms\n    at Timeout.<anonymous> (/Users/pongangairaman/Desktop/workspace/poc/setu-aa-mobile-app/backend/node_modules/mongoose/lib/drivers/node-mongodb-native/collection.js:185:23)\n    at listOnTimeout (node:internal/timers:588:17)\n    at process.processTimers (node:internal/timers:523:7)","timestamp":"2025-08-14 17:02:33:233"}
{"level":"\u001b[35mhttp\u001b[39m","message":"\u001b[35m::1 - - [14/Aug/2025:11:32:40 +0000] \"GET /test-setu HTTP/1.1\" 200 337 \"-\" \"curl/8.7.1\"\u001b[39m","timestamp":"2025-08-14 17:02:40:240"}
{"level":"\u001b[31merror\u001b[39m","message":"\u001b[31mError cleaning up old accounts: Operation `accounts.deleteMany()` buffering timed out after 10000ms\u001b[39m","stack":"MongooseError: Operation `accounts.deleteMany()` buffering timed out after 10000ms\n    at Timeout.<anonymous> (/Users/pongangairaman/Desktop/workspace/poc/setu-aa-mobile-app/backend/node_modules/mongoose/lib/drivers/node-mongodb-native/collection.js:185:23)\n    at listOnTimeout (node:internal/timers:588:17)\n    at process.processTimers (node:internal/timers:523:7)","timestamp":"2025-08-14 17:02:43:243"}
{"level":"\u001b[31merror\u001b[39m","message":"\u001b[31mError cleaning up old transactions: Operation `transactions.deleteMany()` buffering timed out after 10000ms\u001b[39m","stack":"MongooseError: Operation `transactions.deleteMany()` buffering timed out after 10000ms\n    at Timeout.<anonymous> (/Users/pongangairaman/Desktop/workspace/poc/setu-aa-mobile-app/backend/node_modules/mongoose/lib/drivers/node-mongodb-native/collection.js:185:23)\n    at listOnTimeout (node:internal/timers:588:17)\n    at process.processTimers (node:internal/timers:523:7)","timestamp":"2025-08-14 17:02:53:253"}
{"level":"\u001b[31merror\u001b[39m","message":"\u001b[31mError cleaning up inactive users: Operation `users.deleteMany()` buffering timed out after 10000ms\u001b[39m","stack":"MongooseError: Operation `users.deleteMany()` buffering timed out after 10000ms\n    at Timeout.<anonymous> (/Users/pongangairaman/Desktop/workspace/poc/setu-aa-mobile-app/backend/node_modules/mongoose/lib/drivers/node-mongodb-native/collection.js:185:23)\n    at listOnTimeout (node:internal/timers:588:17)\n    at process.processTimers (node:internal/timers:523:7)","timestamp":"2025-08-14 17:03:03:33"}
{"level":"\u001b[32minfo\u001b[39m","message":"\u001b[32mData cleanup process completed\u001b[39m","timestamp":"2025-08-14 17:03:03:33"}
{"level":"\u001b[32minfo\u001b[39m","message":"\u001b[32mSIGINT received, shutting down gracefully\u001b[39m","timestamp":"2025-08-14 17:35:25:3525"}
{"level":"\u001b[32minfo\u001b[39m","message":"\u001b[32mServer running on port 5000\u001b[39m","timestamp":"2025-08-14 17:35:39:3539"}
{"level":"\u001b[32minfo\u001b[39m","message":"\u001b[32mEnvironment: development\u001b[39m","timestamp":"2025-08-14 17:35:39:3539"}
{"level":"\u001b[32minfo\u001b[39m","message":"\u001b[32mStarting data cleanup scheduler\u001b[39m","timestamp":"2025-08-14 17:35:39:3539"}
{"level":"\u001b[32minfo\u001b[39m","message":"\u001b[32mStarting data cleanup process\u001b[39m","timestamp":"2025-08-14 17:35:39:3539"}
{"level":"\u001b[31merror\u001b[39m","message":"\u001b[31mError cleaning up expired consents: Operation `consents.deleteMany()` buffering timed out after 10000ms\u001b[39m","stack":"MongooseError: Operation `consents.deleteMany()` buffering timed out after 10000ms\n    at Timeout.<anonymous> (/Users/pongangairaman/Desktop/workspace/poc/setu-aa-mobile-app/backend/node_modules/mongoose/lib/drivers/node-mongodb-native/collection.js:185:23)\n    at listOnTimeout (node:internal/timers:588:17)\n    at process.processTimers (node:internal/timers:523:7)","timestamp":"2025-08-14 17:35:49:3549"}
{"level":"\u001b[31merror\u001b[39m","message":"\u001b[31mError cleaning up old accounts: Operation `accounts.deleteMany()` buffering timed out after 10000ms\u001b[39m","stack":"MongooseError: Operation `accounts.deleteMany()` buffering timed out after 10000ms\n    at Timeout.<anonymous> (/Users/pongangairaman/Desktop/workspace/poc/setu-aa-mobile-app/backend/node_modules/mongoose/lib/drivers/node-mongodb-native/collection.js:185:23)\n    at listOnTimeout (node:internal/timers:588:17)\n    at process.processTimers (node:internal/timers:523:7)","timestamp":"2025-08-14 17:35:59:3559"}
{"level":"\u001b[31merror\u001b[39m","message":"\u001b[31mError cleaning up old transactions: Operation `transactions.deleteMany()` buffering timed out after 10000ms\u001b[39m","stack":"MongooseError: Operation `transactions.deleteMany()` buffering timed out after 10000ms\n    at Timeout.<anonymous> (/Users/pongangairaman/Desktop/workspace/poc/setu-aa-mobile-app/backend/node_modules/mongoose/lib/drivers/node-mongodb-native/collection.js:185:23)\n    at listOnTimeout (node:internal/timers:588:17)\n    at process.processTimers (node:internal/timers:523:7)","timestamp":"2025-08-14 17:36:09:369"}
{"level":"\u001b[31merror\u001b[39m","message":"\u001b[31mError cleaning up inactive users: Operation `users.deleteMany()` buffering timed out after 10000ms\u001b[39m","stack":"MongooseError: Operation `users.deleteMany()` buffering timed out after 10000ms\n    at Timeout.<anonymous> (/Users/pongangairaman/Desktop/workspace/poc/setu-aa-mobile-app/backend/node_modules/mongoose/lib/drivers/node-mongodb-native/collection.js:185:23)\n    at listOnTimeout (node:internal/timers:588:17)\n    at process.processTimers (node:internal/timers:523:7)","timestamp":"2025-08-14 17:36:19:3619"}
{"level":"\u001b[32minfo\u001b[39m","message":"\u001b[32mData cleanup process completed\u001b[39m","timestamp":"2025-08-14 17:36:19:3619"}
{"level":"\u001b[35mhttp\u001b[39m","message":"\u001b[35m::1 - - [14/Aug/2025:12:10:25 +0000] \"GET /health HTTP/1.1\" 200 113 \"-\" \"curl/8.7.1\"\u001b[39m","timestamp":"2025-08-14 17:40:25:4025"}
{"level":"\u001b[35mhttp\u001b[39m","message":"\u001b[35m::1 - - [14/Aug/2025:12:10:32 +0000] \"GET /test-setu HTTP/1.1\" 200 337 \"-\" \"curl/8.7.1\"\u001b[39m","timestamp":"2025-08-14 17:40:32:4032"}
{"level":"\u001b[32minfo\u001b[39m","message":"\u001b[32mSIGINT received, shutting down gracefully\u001b[39m","timestamp":"2025-08-14 17:41:53:4153"}
{"level":"\u001b[32minfo\u001b[39m","message":"\u001b[32mServer running on port 5000\u001b[39m","timestamp":"2025-08-14 17:42:19:4219"}
{"level":"\u001b[32minfo\u001b[39m","message":"\u001b[32mEnvironment: development\u001b[39m","timestamp":"2025-08-14 17:42:19:4219"}
{"level":"\u001b[32minfo\u001b[39m","message":"\u001b[32mStarting data cleanup scheduler\u001b[39m","timestamp":"2025-08-14 17:42:19:4219"}
{"level":"\u001b[32minfo\u001b[39m","message":"\u001b[32mStarting data cleanup process\u001b[39m","timestamp":"2025-08-14 17:42:19:4219"}
{"level":"\u001b[31merror\u001b[39m","message":"\u001b[31mError cleaning up expired consents: Operation `consents.deleteMany()` buffering timed out after 10000ms\u001b[39m","stack":"MongooseError: Operation `consents.deleteMany()` buffering timed out after 10000ms\n    at Timeout.<anonymous> (/Users/pongangairaman/Desktop/workspace/poc/setu-aa-mobile-app/backend/node_modules/mongoose/lib/drivers/node-mongodb-native/collection.js:185:23)\n    at listOnTimeout (node:internal/timers:588:17)\n    at process.processTimers (node:internal/timers:523:7)","timestamp":"2025-08-14 17:42:29:4229"}
{"level":"\u001b[35mhttp\u001b[39m","message":"\u001b[35m::1 - - [14/Aug/2025:12:12:37 +0000] \"POST /api/api/consent/create HTTP/1.1\" 404 74 \"http://localhost:8081/\" \"Mozilla/5.0 (Linux; Android 6.0; Nexus 5 Build/MRA58N) AppleWebKit/537.36 (KHTML, like Gecko) Chrome/139.0.0.0 Mobile Safari/537.36\"\u001b[39m","timestamp":"2025-08-14 17:42:37:4237"}
{"level":"\u001b[31merror\u001b[39m","message":"\u001b[31mError cleaning up old accounts: Operation `accounts.deleteMany()` buffering timed out after 10000ms\u001b[39m","stack":"MongooseError: Operation `accounts.deleteMany()` buffering timed out after 10000ms\n    at Timeout.<anonymous> (/Users/pongangairaman/Desktop/workspace/poc/setu-aa-mobile-app/backend/node_modules/mongoose/lib/drivers/node-mongodb-native/collection.js:185:23)\n    at listOnTimeout (node:internal/timers:588:17)\n    at process.processTimers (node:internal/timers:523:7)","timestamp":"2025-08-14 17:42:39:4239"}
{"level":"\u001b[31merror\u001b[39m","message":"\u001b[31mError cleaning up old transactions: Operation `transactions.deleteMany()` buffering timed out after 10000ms\u001b[39m","stack":"MongooseError: Operation `transactions.deleteMany()` buffering timed out after 10000ms\n    at Timeout.<anonymous> (/Users/pongangairaman/Desktop/workspace/poc/setu-aa-mobile-app/backend/node_modules/mongoose/lib/drivers/node-mongodb-native/collection.js:185:23)\n    at listOnTimeout (node:internal/timers:588:17)\n    at process.processTimers (node:internal/timers:523:7)","timestamp":"2025-08-14 17:42:49:4249"}
{"level":"\u001b[31merror\u001b[39m","message":"\u001b[31mError cleaning up inactive users: Operation `users.deleteMany()` buffering timed out after 10000ms\u001b[39m","stack":"MongooseError: Operation `users.deleteMany()` buffering timed out after 10000ms\n    at Timeout.<anonymous> (/Users/pongangairaman/Desktop/workspace/poc/setu-aa-mobile-app/backend/node_modules/mongoose/lib/drivers/node-mongodb-native/collection.js:185:23)\n    at listOnTimeout (node:internal/timers:588:17)\n    at process.processTimers (node:internal/timers:523:7)","timestamp":"2025-08-14 17:42:59:4259"}
{"level":"\u001b[32minfo\u001b[39m","message":"\u001b[32mData cleanup process completed\u001b[39m","timestamp":"2025-08-14 17:42:59:4259"}
{"level":"\u001b[35mhttp\u001b[39m","message":"\u001b[35m::1 - - [14/Aug/2025:12:14:22 +0000] \"POST /api/consent/create HTTP/1.1\" 404 74 \"http://localhost:8081/\" \"Mozilla/5.0 (Linux; Android 6.0; Nexus 5 Build/MRA58N) AppleWebKit/537.36 (KHTML, like Gecko) Chrome/139.0.0.0 Mobile Safari/537.36\"\u001b[39m","timestamp":"2025-08-14 17:44:22:4422"}
{"level":"\u001b[32minfo\u001b[39m","message":"\u001b[32mSIGINT received, shutting down gracefully\u001b[39m","timestamp":"2025-08-14 18:47:53:4753"}
{"level":"\u001b[32minfo\u001b[39m","message":"\u001b[32mServer running on port 5000\u001b[39m","timestamp":"2025-08-14 18:47:55:4755"}
{"level":"\u001b[32minfo\u001b[39m","message":"\u001b[32mEnvironment: development\u001b[39m","timestamp":"2025-08-14 18:47:55:4755"}
{"level":"\u001b[32minfo\u001b[39m","message":"\u001b[32mStarting data cleanup scheduler\u001b[39m","timestamp":"2025-08-14 18:47:55:4755"}
{"level":"\u001b[32minfo\u001b[39m","message":"\u001b[32mStarting data cleanup process\u001b[39m","timestamp":"2025-08-14 18:47:55:4755"}
{"level":"\u001b[31merror\u001b[39m","message":"\u001b[31mError cleaning up expired consents: Operation `consents.deleteMany()` buffering timed out after 10000ms\u001b[39m","stack":"MongooseError: Operation `consents.deleteMany()` buffering timed out after 10000ms\n    at Timeout.<anonymous> (/Users/pongangairaman/Desktop/workspace/poc/setu-aa-mobile-app/backend/node_modules/mongoose/lib/drivers/node-mongodb-native/collection.js:185:23)\n    at listOnTimeout (node:internal/timers:588:17)\n    at process.processTimers (node:internal/timers:523:7)","timestamp":"2025-08-14 18:48:05:485"}
{"level":"\u001b[31merror\u001b[39m","message":"\u001b[31mError cleaning up old accounts: Operation `accounts.deleteMany()` buffering timed out after 10000ms\u001b[39m","stack":"MongooseError: Operation `accounts.deleteMany()` buffering timed out after 10000ms\n    at Timeout.<anonymous> (/Users/pongangairaman/Desktop/workspace/poc/setu-aa-mobile-app/backend/node_modules/mongoose/lib/drivers/node-mongodb-native/collection.js:185:23)\n    at listOnTimeout (node:internal/timers:588:17)\n    at process.processTimers (node:internal/timers:523:7)","timestamp":"2025-08-14 18:48:15:4815"}
{"level":"\u001b[31merror\u001b[39m","message":"\u001b[31mError cleaning up old transactions: Operation `transactions.deleteMany()` buffering timed out after 10000ms\u001b[39m","stack":"MongooseError: Operation `transactions.deleteMany()` buffering timed out after 10000ms\n    at Timeout.<anonymous> (/Users/pongangairaman/Desktop/workspace/poc/setu-aa-mobile-app/backend/node_modules/mongoose/lib/drivers/node-mongodb-native/collection.js:185:23)\n    at listOnTimeout (node:internal/timers:588:17)\n    at process.processTimers (node:internal/timers:523:7)","timestamp":"2025-08-14 18:48:25:4825"}
{"level":"\u001b[35mhttp\u001b[39m","message":"\u001b[35m::1 - - [14/Aug/2025:13:18:31 +0000] \"POST /api/api/consent/create HTTP/1.1\" 404 74 \"http://localhost:8081/\" \"Mozilla/5.0 (Linux; Android 6.0; Nexus 5 Build/MRA58N) AppleWebKit/537.36 (KHTML, like Gecko) Chrome/139.0.0.0 Mobile Safari/537.36\"\u001b[39m","timestamp":"2025-08-14 18:48:31:4831"}
{"level":"\u001b[31merror\u001b[39m","message":"\u001b[31mError cleaning up inactive users: Operation `users.deleteMany()` buffering timed out after 10000ms\u001b[39m","stack":"MongooseError: Operation `users.deleteMany()` buffering timed out after 10000ms\n    at Timeout.<anonymous> (/Users/pongangairaman/Desktop/workspace/poc/setu-aa-mobile-app/backend/node_modules/mongoose/lib/drivers/node-mongodb-native/collection.js:185:23)\n    at listOnTimeout (node:internal/timers:588:17)\n    at process.processTimers (node:internal/timers:523:7)","timestamp":"2025-08-14 18:48:35:4835"}
{"level":"\u001b[32minfo\u001b[39m","message":"\u001b[32mData cleanup process completed\u001b[39m","timestamp":"2025-08-14 18:48:35:4835"}
{"level":"\u001b[35mhttp\u001b[39m","message":"\u001b[35m::1 - - [14/Aug/2025:13:20:29 +0000] \"POST /api/consent/create HTTP/1.1\" 404 74 \"http://localhost:8081/\" \"Mozilla/5.0 (Linux; Android 6.0; Nexus 5 Build/MRA58N) AppleWebKit/537.36 (KHTML, like Gecko) Chrome/139.0.0.0 Mobile Safari/537.36\"\u001b[39m","timestamp":"2025-08-14 18:50:29:5029"}
{"level":"\u001b[35mhttp\u001b[39m","message":"\u001b[35m::1 - - [14/Aug/2025:13:21:32 +0000] \"POST /api/consents/create HTTP/1.1\" 401 91 \"http://localhost:8081/\" \"Mozilla/5.0 (Linux; Android 6.0; Nexus 5 Build/MRA58N) AppleWebKit/537.36 (KHTML, like Gecko) Chrome/139.0.0.0 Mobile Safari/537.36\"\u001b[39m","timestamp":"2025-08-14 18:51:32:5132"}
{"level":"\u001b[35mhttp\u001b[39m","message":"\u001b[35m::1 - - [14/Aug/2025:13:23:23 +0000] \"POST /api/consents/create HTTP/1.1\" 401 91 \"http://localhost:8081/\" \"Mozilla/5.0 (Linux; Android 6.0; Nexus 5 Build/MRA58N) AppleWebKit/537.36 (KHTML, like Gecko) Chrome/139.0.0.0 Mobile Safari/537.36\"\u001b[39m","timestamp":"2025-08-14 18:53:23:5323"}
{"level":"\u001b[32minfo\u001b[39m","message":"\u001b[32mSIGINT received, shutting down gracefully\u001b[39m","timestamp":"2025-08-14 18:54:32:5432"}
{"level":"\u001b[32minfo\u001b[39m","message":"\u001b[32mServer running on port 5000\u001b[39m","timestamp":"2025-08-14 18:54:37:5437"}
{"level":"\u001b[32minfo\u001b[39m","message":"\u001b[32mEnvironment: development\u001b[39m","timestamp":"2025-08-14 18:54:37:5437"}
{"level":"\u001b[32minfo\u001b[39m","message":"\u001b[32mStarting data cleanup scheduler\u001b[39m","timestamp":"2025-08-14 18:54:37:5437"}
{"level":"\u001b[32minfo\u001b[39m","message":"\u001b[32mStarting data cleanup process\u001b[39m","timestamp":"2025-08-14 18:54:37:5437"}
{"level":"\u001b[31merror\u001b[39m","message":"\u001b[31mError cleaning up expired consents: Operation `consents.deleteMany()` buffering timed out after 10000ms\u001b[39m","stack":"MongooseError: Operation `consents.deleteMany()` buffering timed out after 10000ms\n    at Timeout.<anonymous> (/Users/pongangairaman/Desktop/workspace/poc/setu-aa-mobile-app/backend/node_modules/mongoose/lib/drivers/node-mongodb-native/collection.js:185:23)\n    at listOnTimeout (node:internal/timers:588:17)\n    at process.processTimers (node:internal/timers:523:7)","timestamp":"2025-08-14 18:54:47:5447"}
{"level":"\u001b[31merror\u001b[39m","message":"\u001b[31mError cleaning up old accounts: Operation `accounts.deleteMany()` buffering timed out after 10000ms\u001b[39m","stack":"MongooseError: Operation `accounts.deleteMany()` buffering timed out after 10000ms\n    at Timeout.<anonymous> (/Users/pongangairaman/Desktop/workspace/poc/setu-aa-mobile-app/backend/node_modules/mongoose/lib/drivers/node-mongodb-native/collection.js:185:23)\n    at listOnTimeout (node:internal/timers:588:17)\n    at process.processTimers (node:internal/timers:523:7)","timestamp":"2025-08-14 18:54:57:5457"}
{"level":"\u001b[31merror\u001b[39m","message":"\u001b[31mError creating consent: Cannot read properties of undefined (reading 'id')\u001b[39m","stack":"TypeError: Cannot read properties of undefined (reading 'id')\n    at exports.createConsent (/Users/pongangairaman/Desktop/workspace/poc/setu-aa-mobile-app/backend/src/controllers/consentController.js:10:29)\n    at Layer.handle [as handle_request] (/Users/pongangairaman/Desktop/workspace/poc/setu-aa-mobile-app/backend/node_modules/express/lib/router/layer.js:95:5)\n    at next (/Users/pongangairaman/Desktop/workspace/poc/setu-aa-mobile-app/backend/node_modules/express/lib/router/route.js:149:13)\n    at validationMiddleware.validateConsentCreation (/Users/pongangairaman/Desktop/workspace/poc/setu-aa-mobile-app/backend/src/middleware/validationMiddleware.js:53:7)\n    at Layer.handle [as handle_request] (/Users/pongangairaman/Desktop/workspace/poc/setu-aa-mobile-app/backend/node_modules/express/lib/router/layer.js:95:5)\n    at next (/Users/pongangairaman/Desktop/workspace/poc/setu-aa-mobile-app/backend/node_modules/express/lib/router/route.js:149:13)\n    at middleware (/Users/pongangairaman/Desktop/workspace/poc/setu-aa-mobile-app/backend/node_modules/express-validator/lib/middlewares/check.js:16:13)\n    at process.processTicksAndRejections (node:internal/process/task_queues:105:5)","timestamp":"2025-08-14 18:54:59:5459"}
{"level":"\u001b[35mhttp\u001b[39m","message":"\u001b[35m::1 - - [14/Aug/2025:13:24:59 +0000] \"POST /api/consents/create HTTP/1.1\" 500 105 \"http://localhost:8081/\" \"Mozilla/5.0 (Linux; Android 6.0; Nexus 5 Build/MRA58N) AppleWebKit/537.36 (KHTML, like Gecko) Chrome/139.0.0.0 Mobile Safari/537.36\"\u001b[39m","timestamp":"2025-08-14 18:54:59:5459"}
{"level":"\u001b[31merror\u001b[39m","message":"\u001b[31mError cleaning up old transactions: Operation `transactions.deleteMany()` buffering timed out after 10000ms\u001b[39m","stack":"MongooseError: Operation `transactions.deleteMany()` buffering timed out after 10000ms\n    at Timeout.<anonymous> (/Users/pongangairaman/Desktop/workspace/poc/setu-aa-mobile-app/backend/node_modules/mongoose/lib/drivers/node-mongodb-native/collection.js:185:23)\n    at listOnTimeout (node:internal/timers:588:17)\n    at process.processTimers (node:internal/timers:523:7)","timestamp":"2025-08-14 18:55:07:557"}
{"level":"\u001b[31merror\u001b[39m","message":"\u001b[31mError cleaning up inactive users: Operation `users.deleteMany()` buffering timed out after 10000ms\u001b[39m","stack":"MongooseError: Operation `users.deleteMany()` buffering timed out after 10000ms\n    at Timeout.<anonymous> (/Users/pongangairaman/Desktop/workspace/poc/setu-aa-mobile-app/backend/node_modules/mongoose/lib/drivers/node-mongodb-native/collection.js:185:23)\n    at listOnTimeout (node:internal/timers:588:17)\n    at process.processTimers (node:internal/timers:523:7)","timestamp":"2025-08-14 18:55:17:5517"}
{"level":"\u001b[32minfo\u001b[39m","message":"\u001b[32mData cleanup process completed\u001b[39m","timestamp":"2025-08-14 18:55:17:5517"}
{"level":"\u001b[32minfo\u001b[39m","message":"\u001b[32mSIGTERM received, shutting down gracefully\u001b[39m","timestamp":"2025-08-14 18:57:05:575"}
{"level":"\u001b[32minfo\u001b[39m","message":"\u001b[32mServer running on port 5000\u001b[39m","timestamp":"2025-08-14 18:57:44:5744"}
{"level":"\u001b[32minfo\u001b[39m","message":"\u001b[32mEnvironment: development\u001b[39m","timestamp":"2025-08-14 18:57:44:5744"}
{"level":"\u001b[32minfo\u001b[39m","message":"\u001b[32mStarting data cleanup scheduler\u001b[39m","timestamp":"2025-08-14 18:57:44:5744"}
{"level":"\u001b[32minfo\u001b[39m","message":"\u001b[32mStarting data cleanup process\u001b[39m","timestamp":"2025-08-14 18:57:44:5744"}
{"level":"\u001b[31merror\u001b[39m","message":"\u001b[31mError cleaning up expired consents: Operation `consents.deleteMany()` buffering timed out after 10000ms\u001b[39m","stack":"MongooseError: Operation `consents.deleteMany()` buffering timed out after 10000ms\n    at Timeout.<anonymous> (/Users/pongangairaman/Desktop/workspace/poc/setu-aa-mobile-app/backend/node_modules/mongoose/lib/drivers/node-mongodb-native/collection.js:185:23)\n    at listOnTimeout (node:internal/timers:588:17)\n    at process.processTimers (node:internal/timers:523:7)","timestamp":"2025-08-14 18:57:54:5754"}
{"level":"\u001b[31merror\u001b[39m","message":"\u001b[31mError creating consent request: Token issuer not allowed\u001b[39m","timestamp":"2025-08-14 18:58:03:583"}
{"level":"\u001b[31merror\u001b[39m","message":"\u001b[31mError creating consent: Failed to create consent request\u001b[39m","stack":"Error: Failed to create consent request\n    at SetuService.createConsentRequest (/Users/pongangairaman/Desktop/workspace/poc/setu-aa-mobile-app/backend/src/services/setuService.js:138:13)\n    at process.processTicksAndRejections (node:internal/process/task_queues:105:5)\n    at async exports.createConsent (/Users/pongangairaman/Desktop/workspace/poc/setu-aa-mobile-app/backend/src/controllers/consentController.js:13:26)","timestamp":"2025-08-14 18:58:03:583"}
{"level":"\u001b[35mhttp\u001b[39m","message":"\u001b[35m::1 - - [14/Aug/2025:13:28:03 +0000] \"POST /api/consents/create HTTP/1.1\" 500 105 \"http://localhost:8081/\" \"Mozilla/5.0 (Linux; Android 6.0; Nexus 5 Build/MRA58N) AppleWebKit/537.36 (KHTML, like Gecko) Chrome/139.0.0.0 Mobile Safari/537.36\"\u001b[39m","timestamp":"2025-08-14 18:58:03:583"}
{"level":"\u001b[31merror\u001b[39m","message":"\u001b[31mError cleaning up old accounts: Operation `accounts.deleteMany()` buffering timed out after 10000ms\u001b[39m","stack":"MongooseError: Operation `accounts.deleteMany()` buffering timed out after 10000ms\n    at Timeout.<anonymous> (/Users/pongangairaman/Desktop/workspace/poc/setu-aa-mobile-app/backend/node_modules/mongoose/lib/drivers/node-mongodb-native/collection.js:185:23)\n    at listOnTimeout (node:internal/timers:588:17)\n    at process.processTimers (node:internal/timers:523:7)","timestamp":"2025-08-14 18:58:04:584"}
{"level":"\u001b[31merror\u001b[39m","message":"\u001b[31mError cleaning up old transactions: Operation `transactions.deleteMany()` buffering timed out after 10000ms\u001b[39m","stack":"MongooseError: Operation `transactions.deleteMany()` buffering timed out after 10000ms\n    at Timeout.<anonymous> (/Users/pongangairaman/Desktop/workspace/poc/setu-aa-mobile-app/backend/node_modules/mongoose/lib/drivers/node-mongodb-native/collection.js:185:23)\n    at listOnTimeout (node:internal/timers:588:17)\n    at process.processTimers (node:internal/timers:523:7)","timestamp":"2025-08-14 18:58:14:5814"}
{"level":"\u001b[31merror\u001b[39m","message":"\u001b[31mError cleaning up inactive users: Operation `users.deleteMany()` buffering timed out after 10000ms\u001b[39m","stack":"MongooseError: Operation `users.deleteMany()` buffering timed out after 10000ms\n    at Timeout.<anonymous> (/Users/pongangairaman/Desktop/workspace/poc/setu-aa-mobile-app/backend/node_modules/mongoose/lib/drivers/node-mongodb-native/collection.js:185:23)\n    at listOnTimeout (node:internal/timers:588:17)\n    at process.processTimers (node:internal/timers:523:7)","timestamp":"2025-08-14 18:58:24:5824"}
{"level":"\u001b[32minfo\u001b[39m","message":"\u001b[32mData cleanup process completed\u001b[39m","timestamp":"2025-08-14 18:58:24:5824"}
